
Memory Configuration

Name             Origin             Length             Attributes
*default*        0x0000000000000000 0xffffffffffffffff

Linker script and memory map

LOAD ./pr1_0.o
LOAD c:/universidad/cuatri2/fc2/eclipserv/eclipse/sysgcc/bin/../lib/gcc/riscv64-unknown-elf/10.1.0/rv32im/ilp32\libgcc.a
START GROUP
LOAD c:/universidad/cuatri2/fc2/eclipserv/eclipse/sysgcc/bin/../lib/gcc/riscv64-unknown-elf/10.1.0/../../../../riscv64-unknown-elf/lib/rv32im/ilp32\libc.a
LOAD c:/universidad/cuatri2/fc2/eclipserv/eclipse/sysgcc/bin/../lib/gcc/riscv64-unknown-elf/10.1.0/../../../../riscv64-unknown-elf/lib/rv32im/ilp32\libgloss.a
END GROUP
LOAD c:/universidad/cuatri2/fc2/eclipserv/eclipse/sysgcc/bin/../lib/gcc/riscv64-unknown-elf/10.1.0/rv32im/ilp32\libgcc.a
                0x0000000000000000                . = 0x0

.text           0x0000000000000000       0x3c
 *(.text)
 .text          0x0000000000000000       0x3c ./pr1_0.o
                0x0000000000000000                main
                0x0000000000010000                . = 0x10000

.data           0x0000000000010000        0x8
 *(.data)
 .data          0x0000000000010000        0x8 ./pr1_0.o

.bss            0x0000000000010008        0x4
 *(.bss)
 .bss           0x0000000000010008        0x4 ./pr1_0.o

.rodata
 *(.rodata)
                0x0000000000020000                _stack = 0x20000
OUTPUT(pr1_0.elf elf32-littleriscv)

.riscv.attributes
                0x0000000000000000       0x1f
 .riscv.attributes
                0x0000000000000000       0x1f ./pr1_0.o

.debug_line     0x0000000000000000       0x79
 .debug_line    0x0000000000000000       0x79 ./pr1_0.o

.debug_info     0x0000000000000000       0x26
 .debug_info    0x0000000000000000       0x26 ./pr1_0.o

.debug_abbrev   0x0000000000000000       0x14
 .debug_abbrev  0x0000000000000000       0x14 ./pr1_0.o

.debug_aranges  0x0000000000000000       0x20
 .debug_aranges
                0x0000000000000000       0x20 ./pr1_0.o

.debug_str      0x0000000000000000       0x49
 .debug_str     0x0000000000000000       0x49 ./pr1_0.o
