
pr4.elf:     file format elf32-littleriscv
pr4.elf
architecture: riscv:rv32, flags 0x00000112:
EXEC_P, HAS_SYMS, D_PAGED
start address 0x000001a8

Program Header:
    LOAD off    0x00001000 vaddr 0x00000000 paddr 0x00000000 align 2**12
         filesz 0x0000020c memsz 0x0000020c flags r-x
    LOAD off    0x00002000 vaddr 0x00010000 paddr 0x00010000 align 2**12
         filesz 0x00000028 memsz 0x00000029 flags rw-

Sections:
Idx Name              Size      VMA       LMA       File off  Algn  Flags
  0 .text             000000cc  00000000  00000000  00001000  2**2  CONTENTS, ALLOC, LOAD, READONLY, CODE
  1 .text.mul         00000084  000000cc  000000cc  000010cc  2**2  CONTENTS, ALLOC, LOAD, READONLY, CODE
  2 .text.i_sqrt      00000058  00000150  00000150  00001150  2**2  CONTENTS, ALLOC, LOAD, READONLY, CODE
  3 .text.main        00000064  000001a8  000001a8  000011a8  2**2  CONTENTS, ALLOC, LOAD, READONLY, CODE
  4 .data.U           00000014  00010000  00010000  00002000  2**2  CONTENTS, ALLOC, LOAD, DATA
  5 .data.V           00000014  00010014  00010014  00002014  2**2  CONTENTS, ALLOC, LOAD, DATA
  6 .sbss.greater_u   00000001  00010028  00010028  00002028  2**0  ALLOC
  7 .riscv.attributes 00000021  00000000  00000000  00002028  2**0  CONTENTS, READONLY
  8 .comment          00000012  00000000  00000000  00002049  2**0  CONTENTS, READONLY
  9 .debug_line       000002a7  00000000  00000000  0000205b  2**0  CONTENTS, READONLY, DEBUGGING, OCTETS
 10 .debug_info       00000171  00000000  00000000  00002302  2**0  CONTENTS, READONLY, DEBUGGING, OCTETS
 11 .debug_abbrev     00000100  00000000  00000000  00002473  2**0  CONTENTS, READONLY, DEBUGGING, OCTETS
 12 .debug_aranges    00000050  00000000  00000000  00002578  2**3  CONTENTS, READONLY, DEBUGGING, OCTETS
 13 .debug_str        00002450  00000000  00000000  000025c8  2**0  CONTENTS, READONLY, DEBUGGING, OCTETS
 14 .debug_ranges     00000020  00000000  00000000  00004a18  2**0  CONTENTS, READONLY, DEBUGGING, OCTETS
 15 .debug_macro      000006ff  00000000  00000000  00004a38  2**0  CONTENTS, READONLY, DEBUGGING, OCTETS
 16 .debug_frame      00000078  00000000  00000000  00005138  2**2  CONTENTS, READONLY, DEBUGGING, OCTETS
SYMBOL TABLE:
00000000 l    d  .text	00000000 .text
000000cc l    d  .text.mul	00000000 .text.mul
00000150 l    d  .text.i_sqrt	00000000 .text.i_sqrt
000001a8 l    d  .text.main	00000000 .text.main
00010000 l    d  .data.U	00000000 .data.U
00010014 l    d  .data.V	00000000 .data.V
00010028 l    d  .sbss.greater_u	00000000 .sbss.greater_u
00000000 l    d  .riscv.attributes	00000000 .riscv.attributes
00000000 l    d  .comment	00000000 .comment
00000000 l    d  .debug_line	00000000 .debug_line
00000000 l    d  .debug_info	00000000 .debug_info
00000000 l    d  .debug_abbrev	00000000 .debug_abbrev
00000000 l    d  .debug_aranges	00000000 .debug_aranges
00000000 l    d  .debug_str	00000000 .debug_str
00000000 l    d  .debug_ranges	00000000 .debug_ranges
00000000 l    d  .debug_macro	00000000 .debug_macro
00000000 l    d  .debug_frame	00000000 .debug_frame
00000000 l    df *ABS*	00000000 ./fun_asm.o
0000003c l       .text	00000000 DOTFOR
00000070 l       .text	00000000 FIN_DOTFOR
00000000 l    df *ABS*	00000000 pr4.c
00000000 g       .text	00000000 eucl_dist
00010028 g     O .sbss.greater_u	00000001 greater_u
00000150 g     F .text.i_sqrt	00000058 i_sqrt
00010014 g     O .data.V	00000014 V
000000cc g     F .text.mul	00000084 mul
000000a4 g       .text	00000000 save
000001a8 g     F .text.main	00000064 main
00010000 g     O .data.U	00000014 U
00020000 g       *ABS*	00000000 _stack



Disassembly of section .text:

00000000 <eucl_dist>:
eucl_dist():
C:\Universidad\Cuatri2\FC2\FC2labWS\pr4\Debug/../fun_asm.asm:27
.global eucl_dist
.global save

eucl_dist:
#prologue
 	addi sp,sp,-36
   0:	fdc10113          	addi	sp,sp,-36
C:\Universidad\Cuatri2\FC2\FC2labWS\pr4\Debug/../fun_asm.asm:28
	sw s1,0(sp)
   4:	00912023          	sw	s1,0(sp)
C:\Universidad\Cuatri2\FC2\FC2labWS\pr4\Debug/../fun_asm.asm:29
 	sw s2,4(sp)
   8:	01212223          	sw	s2,4(sp)
C:\Universidad\Cuatri2\FC2\FC2labWS\pr4\Debug/../fun_asm.asm:30
 	sw s3,8(sp)
   c:	01312423          	sw	s3,8(sp)
C:\Universidad\Cuatri2\FC2\FC2labWS\pr4\Debug/../fun_asm.asm:31
 	sw s4,12(sp)
  10:	01412623          	sw	s4,12(sp)
C:\Universidad\Cuatri2\FC2\FC2labWS\pr4\Debug/../fun_asm.asm:32
 	sw s5,16(sp)
  14:	01512823          	sw	s5,16(sp)
C:\Universidad\Cuatri2\FC2\FC2labWS\pr4\Debug/../fun_asm.asm:33
 	sw s6,20(sp)
  18:	01612a23          	sw	s6,20(sp)
C:\Universidad\Cuatri2\FC2\FC2labWS\pr4\Debug/../fun_asm.asm:34
 	sw s7,24(sp)
  1c:	01712c23          	sw	s7,24(sp)
C:\Universidad\Cuatri2\FC2\FC2labWS\pr4\Debug/../fun_asm.asm:35
 	sw s8,28(sp)
  20:	01812e23          	sw	s8,28(sp)
C:\Universidad\Cuatri2\FC2\FC2labWS\pr4\Debug/../fun_asm.asm:36
 	sw ra,32(sp)
  24:	02112023          	sw	ra,32(sp)
C:\Universidad\Cuatri2\FC2\FC2labWS\pr4\Debug/../fun_asm.asm:40


 #body
 mv s8,a0     //v base in s8
  28:	00050c13          	mv	s8,a0
C:\Universidad\Cuatri2\FC2\FC2labWS\pr4\Debug/../fun_asm.asm:41
 mv s1,a0     //w base in s1
  2c:	00050493          	mv	s1,a0
C:\Universidad\Cuatri2\FC2\FC2labWS\pr4\Debug/../fun_asm.asm:42
 mv s2,a1     //n in s2
  30:	00058913          	mv	s2,a1
C:\Universidad\Cuatri2\FC2\FC2labWS\pr4\Debug/../fun_asm.asm:43
 mv s3,zero   //acc in s3
  34:	00000993          	li	s3,0
C:\Universidad\Cuatri2\FC2\FC2labWS\pr4\Debug/../fun_asm.asm:44
 mv s4,zero    //i in s4
  38:	00000a13          	li	s4,0

0000003c <DOTFOR>:
DOTFOR():
C:\Universidad\Cuatri2\FC2\FC2labWS\pr4\Debug/../fun_asm.asm:47

 DOTFOR:
 bge s4,s2,FIN_DOTFOR
  3c:	032a5a63          	bge	s4,s2,70 <FIN_DOTFOR>
C:\Universidad\Cuatri2\FC2\FC2labWS\pr4\Debug/../fun_asm.asm:48
 slli s5,s4,2
  40:	002a1a93          	slli	s5,s4,0x2
C:\Universidad\Cuatri2\FC2\FC2labWS\pr4\Debug/../fun_asm.asm:49
 add s5,s5,s1
  44:	009a8ab3          	add	s5,s5,s1
C:\Universidad\Cuatri2\FC2\FC2labWS\pr4\Debug/../fun_asm.asm:50
 lw s7,0(s5)    //W[i] in s8
  48:	000aab83          	lw	s7,0(s5)
C:\Universidad\Cuatri2\FC2\FC2labWS\pr4\Debug/../fun_asm.asm:51
 slli s5,s4,2
  4c:	002a1a93          	slli	s5,s4,0x2
C:\Universidad\Cuatri2\FC2\FC2labWS\pr4\Debug/../fun_asm.asm:52
 add s5,s8,s5
  50:	015c0ab3          	add	s5,s8,s5
C:\Universidad\Cuatri2\FC2\FC2labWS\pr4\Debug/../fun_asm.asm:53
 lw s6,0(s5)   //V[i] in s6
  54:	000aab03          	lw	s6,0(s5)
C:\Universidad\Cuatri2\FC2\FC2labWS\pr4\Debug/../fun_asm.asm:54
 mv a0,s6
  58:	000b0513          	mv	a0,s6
C:\Universidad\Cuatri2\FC2\FC2labWS\pr4\Debug/../fun_asm.asm:55
 mv a1,s7
  5c:	000b8593          	mv	a1,s7
C:\Universidad\Cuatri2\FC2\FC2labWS\pr4\Debug/../fun_asm.asm:56
 call mul
  60:	06c000ef          	jal	ra,cc <mul>
C:\Universidad\Cuatri2\FC2\FC2labWS\pr4\Debug/../fun_asm.asm:57
 add s3,s3,a0
  64:	00a989b3          	add	s3,s3,a0
C:\Universidad\Cuatri2\FC2\FC2labWS\pr4\Debug/../fun_asm.asm:58
 addi s4,s4,1
  68:	001a0a13          	addi	s4,s4,1
C:\Universidad\Cuatri2\FC2\FC2labWS\pr4\Debug/../fun_asm.asm:59
 j DOTFOR
  6c:	fd1ff06f          	j	3c <DOTFOR>

00000070 <FIN_DOTFOR>:
FIN_DOTFOR():
C:\Universidad\Cuatri2\FC2\FC2labWS\pr4\Debug/../fun_asm.asm:62

 FIN_DOTFOR:
 mv a0,s3
  70:	00098513          	mv	a0,s3
C:\Universidad\Cuatri2\FC2\FC2labWS\pr4\Debug/../fun_asm.asm:63
 call i_sqrt
  74:	0dc000ef          	jal	ra,150 <i_sqrt>
C:\Universidad\Cuatri2\FC2\FC2labWS\pr4\Debug/../fun_asm.asm:66

 #epilogue
	lw s1,0(sp)
  78:	00012483          	lw	s1,0(sp)
C:\Universidad\Cuatri2\FC2\FC2labWS\pr4\Debug/../fun_asm.asm:67
 	lw s2,4(sp)
  7c:	00412903          	lw	s2,4(sp)
C:\Universidad\Cuatri2\FC2\FC2labWS\pr4\Debug/../fun_asm.asm:68
 	lw s3,8(sp)
  80:	00812983          	lw	s3,8(sp)
C:\Universidad\Cuatri2\FC2\FC2labWS\pr4\Debug/../fun_asm.asm:69
 	lw s4,12(sp)
  84:	00c12a03          	lw	s4,12(sp)
C:\Universidad\Cuatri2\FC2\FC2labWS\pr4\Debug/../fun_asm.asm:70
 	lw s5,16(sp)
  88:	01012a83          	lw	s5,16(sp)
C:\Universidad\Cuatri2\FC2\FC2labWS\pr4\Debug/../fun_asm.asm:71
 	lw s6,20(sp)
  8c:	01412b03          	lw	s6,20(sp)
C:\Universidad\Cuatri2\FC2\FC2labWS\pr4\Debug/../fun_asm.asm:72
 	lw s7,24(sp)
  90:	01812b83          	lw	s7,24(sp)
C:\Universidad\Cuatri2\FC2\FC2labWS\pr4\Debug/../fun_asm.asm:73
 	lw s8,28(sp)
  94:	01c12c03          	lw	s8,28(sp)
C:\Universidad\Cuatri2\FC2\FC2labWS\pr4\Debug/../fun_asm.asm:74
 	lw ra,32(sp)
  98:	02012083          	lw	ra,32(sp)
C:\Universidad\Cuatri2\FC2\FC2labWS\pr4\Debug/../fun_asm.asm:75
 	addi sp,sp,36
  9c:	02410113          	addi	sp,sp,36
C:\Universidad\Cuatri2\FC2\FC2labWS\pr4\Debug/../fun_asm.asm:76
 	ret
  a0:	00008067          	ret

000000a4 <save>:
save():
C:\Universidad\Cuatri2\FC2\FC2labWS\pr4\Debug/../fun_asm.asm:83


//int save(char value, char * location);
save:
#prologue
    addi sp,sp,-8
  a4:	ff810113          	addi	sp,sp,-8
C:\Universidad\Cuatri2\FC2\FC2labWS\pr4\Debug/../fun_asm.asm:84
	sb s1,0(sp)
  a8:	00910023          	sb	s1,0(sp)
C:\Universidad\Cuatri2\FC2\FC2labWS\pr4\Debug/../fun_asm.asm:85
 	sw s2,4(sp)
  ac:	01212223          	sw	s2,4(sp)
C:\Universidad\Cuatri2\FC2\FC2labWS\pr4\Debug/../fun_asm.asm:88
    //the value is received in a0, and the destination address in a1
    //make sure that only ONE BYTE is saved!!
    mv s1,a0
  b0:	00050493          	mv	s1,a0
C:\Universidad\Cuatri2\FC2\FC2labWS\pr4\Debug/../fun_asm.asm:89
    mv s2,a1
  b4:	00058913          	mv	s2,a1
C:\Universidad\Cuatri2\FC2\FC2labWS\pr4\Debug/../fun_asm.asm:90
    sb s1,0(s2)
  b8:	00990023          	sb	s1,0(s2)
C:\Universidad\Cuatri2\FC2\FC2labWS\pr4\Debug/../fun_asm.asm:93

#epilogue
	lb s1,0(sp)
  bc:	00010483          	lb	s1,0(sp)
C:\Universidad\Cuatri2\FC2\FC2labWS\pr4\Debug/../fun_asm.asm:94
 	lw s2,4(sp)
  c0:	00412903          	lw	s2,4(sp)
C:\Universidad\Cuatri2\FC2\FC2labWS\pr4\Debug/../fun_asm.asm:95
 	addi sp,sp,8
  c4:	00810113          	addi	sp,sp,8
C:\Universidad\Cuatri2\FC2\FC2labWS\pr4\Debug/../fun_asm.asm:96
 	ret
  c8:	00008067          	ret

Disassembly of section .text.mul:

000000cc <mul>:
mul():
C:\Users\Juan Antonio\Documents\Docencia\FC2\2023-2024\lab\ws\FC2labWS\pr4\Debug/../pr4.c:39
  cc:	fd010113          	addi	sp,sp,-48
  d0:	02812623          	sw	s0,44(sp)
  d4:	03010413          	addi	s0,sp,48
  d8:	fca42e23          	sw	a0,-36(s0)
  dc:	fcb42c23          	sw	a1,-40(s0)
C:\Users\Juan Antonio\Documents\Docencia\FC2\2023-2024\lab\ws\FC2labWS\pr4\Debug/../pr4.c:40
  e0:	fe042623          	sw	zero,-20(s0)
  e4:	fe042423          	sw	zero,-24(s0)
C:\Users\Juan Antonio\Documents\Docencia\FC2\2023-2024\lab\ws\FC2labWS\pr4\Debug/../pr4.c:41
  e8:	fdc42783          	lw	a5,-36(s0)
  ec:	0207d663          	bgez	a5,118 <mul+0x4c>
C:\Users\Juan Antonio\Documents\Docencia\FC2\2023-2024\lab\ws\FC2labWS\pr4\Debug/../pr4.c:42
  f0:	00100793          	li	a5,1
  f4:	fef42423          	sw	a5,-24(s0)
C:\Users\Juan Antonio\Documents\Docencia\FC2\2023-2024\lab\ws\FC2labWS\pr4\Debug/../pr4.c:43
  f8:	fdc42783          	lw	a5,-36(s0)
  fc:	40f007b3          	neg	a5,a5
 100:	fcf42e23          	sw	a5,-36(s0)
C:\Users\Juan Antonio\Documents\Docencia\FC2\2023-2024\lab\ws\FC2labWS\pr4\Debug/../pr4.c:45
 104:	0140006f          	j	118 <mul+0x4c>
C:\Users\Juan Antonio\Documents\Docencia\FC2\2023-2024\lab\ws\FC2labWS\pr4\Debug/../pr4.c:45 (discriminator 2)
 108:	fec42703          	lw	a4,-20(s0)
 10c:	fd842783          	lw	a5,-40(s0)
 110:	00f707b3          	add	a5,a4,a5
 114:	fef42623          	sw	a5,-20(s0)
C:\Users\Juan Antonio\Documents\Docencia\FC2\2023-2024\lab\ws\FC2labWS\pr4\Debug/../pr4.c:45 (discriminator 1)
 118:	fdc42783          	lw	a5,-36(s0)
 11c:	fff78713          	addi	a4,a5,-1
 120:	fce42e23          	sw	a4,-36(s0)
 124:	fe0792e3          	bnez	a5,108 <mul+0x3c>
C:\Users\Juan Antonio\Documents\Docencia\FC2\2023-2024\lab\ws\FC2labWS\pr4\Debug/../pr4.c:46
 128:	fe842783          	lw	a5,-24(s0)
 12c:	00078863          	beqz	a5,13c <mul+0x70>
C:\Users\Juan Antonio\Documents\Docencia\FC2\2023-2024\lab\ws\FC2labWS\pr4\Debug/../pr4.c:47
 130:	fec42783          	lw	a5,-20(s0)
 134:	40f007b3          	neg	a5,a5
 138:	0080006f          	j	140 <mul+0x74>
C:\Users\Juan Antonio\Documents\Docencia\FC2\2023-2024\lab\ws\FC2labWS\pr4\Debug/../pr4.c:49
 13c:	fec42783          	lw	a5,-20(s0)
C:\Users\Juan Antonio\Documents\Docencia\FC2\2023-2024\lab\ws\FC2labWS\pr4\Debug/../pr4.c:50
 140:	00078513          	mv	a0,a5
 144:	02c12403          	lw	s0,44(sp)
 148:	03010113          	addi	sp,sp,48
 14c:	00008067          	ret

Disassembly of section .text.i_sqrt:

00000150 <i_sqrt>:
i_sqrt():
C:\Users\Juan Antonio\Documents\Docencia\FC2\2023-2024\lab\ws\FC2labWS\pr4\Debug/../pr4.c:55
 150:	fd010113          	addi	sp,sp,-48
 154:	02112623          	sw	ra,44(sp)
 158:	02812423          	sw	s0,40(sp)
 15c:	03010413          	addi	s0,sp,48
 160:	fca42e23          	sw	a0,-36(s0)
C:\Users\Juan Antonio\Documents\Docencia\FC2\2023-2024\lab\ws\FC2labWS\pr4\Debug/../pr4.c:56
 164:	fe042623          	sw	zero,-20(s0)
C:\Users\Juan Antonio\Documents\Docencia\FC2\2023-2024\lab\ws\FC2labWS\pr4\Debug/../pr4.c:57
 168:	0100006f          	j	178 <i_sqrt+0x28>
C:\Users\Juan Antonio\Documents\Docencia\FC2\2023-2024\lab\ws\FC2labWS\pr4\Debug/../pr4.c:58
 16c:	fec42783          	lw	a5,-20(s0)
 170:	00178793          	addi	a5,a5,1
 174:	fef42623          	sw	a5,-20(s0)
C:\Users\Juan Antonio\Documents\Docencia\FC2\2023-2024\lab\ws\FC2labWS\pr4\Debug/../pr4.c:57
 178:	fec42583          	lw	a1,-20(s0)
 17c:	fec42503          	lw	a0,-20(s0)
 180:	f4dff0ef          	jal	ra,cc <mul>
 184:	00050713          	mv	a4,a0
 188:	fdc42783          	lw	a5,-36(s0)
 18c:	fef740e3          	blt	a4,a5,16c <i_sqrt+0x1c>
C:\Users\Juan Antonio\Documents\Docencia\FC2\2023-2024\lab\ws\FC2labWS\pr4\Debug/../pr4.c:60
 190:	fec42783          	lw	a5,-20(s0)
C:\Users\Juan Antonio\Documents\Docencia\FC2\2023-2024\lab\ws\FC2labWS\pr4\Debug/../pr4.c:61
 194:	00078513          	mv	a0,a5
 198:	02c12083          	lw	ra,44(sp)
 19c:	02812403          	lw	s0,40(sp)
 1a0:	03010113          	addi	sp,sp,48
 1a4:	00008067          	ret

Disassembly of section .text.main:

000001a8 <main>:
main():
C:\Users\Juan Antonio\Documents\Docencia\FC2\2023-2024\lab\ws\FC2labWS\pr4\Debug/../pr4.c:80
 1a8:	fe010113          	addi	sp,sp,-32
 1ac:	00112e23          	sw	ra,28(sp)
 1b0:	00812c23          	sw	s0,24(sp)
 1b4:	02010413          	addi	s0,sp,32
C:\Users\Juan Antonio\Documents\Docencia\FC2\2023-2024\lab\ws\FC2labWS\pr4\Debug/../pr4.c:82
 1b8:	00500593          	li	a1,5
 1bc:	000107b7          	lui	a5,0x10
 1c0:	00078513          	mv	a0,a5
 1c4:	e3dff0ef          	jal	ra,0 <eucl_dist>
 1c8:	fea42623          	sw	a0,-20(s0)
C:\Users\Juan Antonio\Documents\Docencia\FC2\2023-2024\lab\ws\FC2labWS\pr4\Debug/../pr4.c:83
 1cc:	00500593          	li	a1,5
 1d0:	000107b7          	lui	a5,0x10
 1d4:	01478513          	addi	a0,a5,20 # 10014 <V>
 1d8:	e29ff0ef          	jal	ra,0 <eucl_dist>
 1dc:	fea42423          	sw	a0,-24(s0)
C:\Users\Juan Antonio\Documents\Docencia\FC2\2023-2024\lab\ws\FC2labWS\pr4\Debug/../pr4.c:85
 1e0:	fec42703          	lw	a4,-20(s0)
 1e4:	fe842783          	lw	a5,-24(s0)
 1e8:	00e7a7b3          	slt	a5,a5,a4
 1ec:	0ff7f793          	andi	a5,a5,255
 1f0:	fef403a3          	sb	a5,-25(s0)
C:\Users\Juan Antonio\Documents\Docencia\FC2\2023-2024\lab\ws\FC2labWS\pr4\Debug/../pr4.c:86
 1f4:	fe740703          	lb	a4,-25(s0)
 1f8:	000107b7          	lui	a5,0x10
 1fc:	02878593          	addi	a1,a5,40 # 10028 <greater_u>
 200:	00070513          	mv	a0,a4
 204:	ea1ff0ef          	jal	ra,a4 <save>
C:\Users\Juan Antonio\Documents\Docencia\FC2\2023-2024\lab\ws\FC2labWS\pr4\Debug/../pr4.c:88 (discriminator 1)
 208:	0000006f          	j	208 <main+0x60>
