
Discarded input sections

 .group         0x0000000000000000        0xc ./pr4.o

Memory Configuration

Name             Origin             Length             Attributes
*default*        0x0000000000000000 0xffffffffffffffff

Linker script and memory map

LOAD ./fun_asm.o
LOAD ./pr4.o
LOAD c:/universidad/cuatri2/fc2/eclipserv/eclipse/sysgcc/bin/../lib/gcc/riscv64-unknown-elf/10.1.0/rv32im/ilp32\libgcc.a
START GROUP
LOAD c:/universidad/cuatri2/fc2/eclipserv/eclipse/sysgcc/bin/../lib/gcc/riscv64-unknown-elf/10.1.0/../../../../riscv64-unknown-elf/lib/rv32im/ilp32\libc.a
LOAD c:/universidad/cuatri2/fc2/eclipserv/eclipse/sysgcc/bin/../lib/gcc/riscv64-unknown-elf/10.1.0/../../../../riscv64-unknown-elf/lib/rv32im/ilp32\libgloss.a
END GROUP
LOAD c:/universidad/cuatri2/fc2/eclipserv/eclipse/sysgcc/bin/../lib/gcc/riscv64-unknown-elf/10.1.0/rv32im/ilp32\libgcc.a
                0x0000000000000000                . = 0x0

.text           0x0000000000000000       0xcc
 *(.text)
 .text          0x0000000000000000       0xcc ./fun_asm.o
                0x0000000000000000                eucl_dist
                0x00000000000000a4                save
 .text          0x00000000000000cc        0x0 ./pr4.o

.text.mul       0x00000000000000cc       0x84
 .text.mul      0x00000000000000cc       0x84 ./pr4.o
                0x00000000000000cc                mul

.text.i_sqrt    0x0000000000000150       0x58
 .text.i_sqrt   0x0000000000000150       0x58 ./pr4.o
                0x0000000000000150                i_sqrt

.text.main      0x00000000000001a8       0x64
 .text.main     0x00000000000001a8       0x64 ./pr4.o
                0x00000000000001a8                main
                0x0000000000010000                . = 0x10000

.data           0x0000000000010000        0x0
 *(.data)
 .data          0x0000000000010000        0x0 ./fun_asm.o
 .data          0x0000000000010000        0x0 ./pr4.o

.data.U         0x0000000000010000       0x14
 .data.U        0x0000000000010000       0x14 ./pr4.o
                0x0000000000010000                U

.data.V         0x0000000000010014       0x14
 .data.V        0x0000000000010014       0x14 ./pr4.o
                0x0000000000010014                V

.bss            0x0000000000010028        0x0
 *(.bss)
 .bss           0x0000000000010028        0x0 ./fun_asm.o
 .bss           0x0000000000010028        0x0 ./pr4.o

.sbss.greater_u
                0x0000000000010028        0x1
 .sbss.greater_u
                0x0000000000010028        0x1 ./pr4.o
                0x0000000000010028                greater_u

.rodata
 *(.rodata)
                0x0000000000020000                _stack = 0x20000
OUTPUT(pr4.elf elf32-littleriscv)

.riscv.attributes
                0x0000000000000000       0x21
 .riscv.attributes
                0x0000000000000000       0x1f ./fun_asm.o
 .riscv.attributes
                0x000000000000001f       0x21 ./pr4.o

.comment        0x0000000000000000       0x12
 .comment       0x0000000000000000       0x12 ./pr4.o
                                         0x13 (size before relaxing)

.debug_line     0x0000000000000000      0x2a7
 .debug_line    0x0000000000000000      0x16b ./fun_asm.o
 .debug_line    0x000000000000016b      0x13c ./pr4.o

.debug_info     0x0000000000000000      0x171
 .debug_info    0x0000000000000000       0x26 ./fun_asm.o
 .debug_info    0x0000000000000026      0x14b ./pr4.o

.debug_abbrev   0x0000000000000000      0x100
 .debug_abbrev  0x0000000000000000       0x14 ./fun_asm.o
 .debug_abbrev  0x0000000000000014       0xec ./pr4.o

.debug_aranges  0x0000000000000000       0x50
 .debug_aranges
                0x0000000000000000       0x20 ./fun_asm.o
 .debug_aranges
                0x0000000000000020       0x30 ./pr4.o

.debug_str      0x0000000000000000     0x2450
 .debug_str     0x0000000000000000       0x49 ./fun_asm.o
 .debug_str     0x0000000000000049     0x2407 ./pr4.o
                                       0x2419 (size before relaxing)

.debug_ranges   0x0000000000000000       0x20
 .debug_ranges  0x0000000000000000       0x20 ./pr4.o

.debug_macro    0x0000000000000000      0x6ff
 .debug_macro   0x0000000000000000       0x17 ./pr4.o
 .debug_macro   0x0000000000000017      0x6e8 ./pr4.o

.debug_frame    0x0000000000000000       0x78
 .debug_frame   0x0000000000000000       0x78 ./pr4.o
