
Discarded input sections

 .group         0x0000000000000000        0xc ./pr5.o
 .group         0x0000000000000000        0xc ./pr5.o
 .group         0x0000000000000000        0xc ./pr5.o
 .group         0x0000000000000000        0xc ./pr5.o
 .group         0x0000000000000000        0xc ./pr5.o
 .group         0x0000000000000000        0xc ./pr5.o
 .group         0x0000000000000000        0xc ./pr5.o
 .group         0x0000000000000000        0xc ./pr5.o
 .group         0x0000000000000000        0xc ./pr5.o
 .group         0x0000000000000000        0xc ./pr5.o
 .group         0x0000000000000000        0xc ./pr5.o
 .group         0x0000000000000000        0xc ./pr5.o
 .group         0x0000000000000000        0xc ./pr5.o
 .group         0x0000000000000000        0xc ./pr5.o
 .group         0x0000000000000000        0xc ./pr5.o
 .group         0x0000000000000000        0xc ./pr5.o
 .group         0x0000000000000000        0xc ./pr5.o
 .group         0x0000000000000000        0xc ./pr5.o
 .group         0x0000000000000000        0xc ./pr5.o
 .group         0x0000000000000000        0xc ./pr5.o
 .group         0x0000000000000000        0xc ./pr5.o
 .group         0x0000000000000000        0xc ./pr5.o
 .group         0x0000000000000000        0xc ./pr5.o
 .group         0x0000000000000000        0xc ./pr5.o
 .group         0x0000000000000000        0xc ./pr5.o
 .group         0x0000000000000000        0xc ./pr5.o
 .group         0x0000000000000000        0xc ./pr5.o
 .group         0x0000000000000000        0xc ./pr5.o
 .group         0x0000000000000000        0xc ./pr5.o
 .group         0x0000000000000000        0xc ./pr5.o
 .group         0x0000000000000000        0xc ./pr5.o
 .group         0x0000000000000000        0xc ./pr5.o
 .group         0x0000000000000000        0xc ./pr5.o
 .group         0x0000000000000000        0xc ./pr5.o
 .group         0x0000000000000000        0xc ./pr5.o

Memory Configuration

Name             Origin             Length             Attributes
*default*        0x0000000000000000 0xffffffffffffffff

Linker script and memory map

LOAD ./fun_asm.o
LOAD ./fun_asm2.o
LOAD ./pr5.o
LOAD c:/universidad/cuatri2/fc2/eclipserv/eclipse/sysgcc/bin/../lib/gcc/riscv64-unknown-elf/10.1.0/rv32im/ilp32\libgcc.a
START GROUP
LOAD c:/universidad/cuatri2/fc2/eclipserv/eclipse/sysgcc/bin/../lib/gcc/riscv64-unknown-elf/10.1.0/../../../../riscv64-unknown-elf/lib/rv32im/ilp32\libc.a
LOAD c:/universidad/cuatri2/fc2/eclipserv/eclipse/sysgcc/bin/../lib/gcc/riscv64-unknown-elf/10.1.0/../../../../riscv64-unknown-elf/lib/rv32im/ilp32\libgloss.a
END GROUP
LOAD c:/universidad/cuatri2/fc2/eclipserv/eclipse/sysgcc/bin/../lib/gcc/riscv64-unknown-elf/10.1.0/rv32im/ilp32\libgcc.a
                0x0000000000000000                . = 0x0

.text           0x0000000000000000      0x24c
 *(.text)
 .text          0x0000000000000000      0x118 ./fun_asm.o
                0x0000000000000000                cocktailSort
 .text          0x0000000000000118      0x134 ./fun_asm2.o
                0x0000000000000118                sortRecursive
 .text          0x000000000000024c        0x0 ./pr5.o

.text.main      0x000000000000024c       0xac
 .text.main     0x000000000000024c       0xac ./pr5.o
                0x000000000000024c                main
                0x0000000000010000                . = 0x10000

.data           0x0000000000010000        0x0
 *(.data)
 .data          0x0000000000010000        0x0 ./fun_asm.o
 .data          0x0000000000010000        0x0 ./fun_asm2.o
 .data          0x0000000000010000        0x0 ./pr5.o

.bss            0x0000000000010000        0x0
 *(.bss)
 .bss           0x0000000000010000        0x0 ./fun_asm.o
 .bss           0x0000000000010000        0x0 ./fun_asm2.o
 .bss           0x0000000000010000        0x0 ./pr5.o

.rodata         0x0000000000010000       0x28
 *(.rodata)
 .rodata        0x0000000000010000       0x28 ./pr5.o
                0x0000000000020000                _stack = 0x20000
OUTPUT(pr5.elf elf32-littleriscv)

.riscv.attributes
                0x0000000000000000       0x21
 .riscv.attributes
                0x0000000000000000       0x1f ./fun_asm.o
 .riscv.attributes
                0x000000000000001f       0x1f ./fun_asm2.o
 .riscv.attributes
                0x000000000000003e       0x21 ./pr5.o

.comment        0x0000000000000000       0x12
 .comment       0x0000000000000000       0x12 ./pr5.o
                                         0x13 (size before relaxing)

.debug_line     0x0000000000000000      0x739
 .debug_line    0x0000000000000000      0x1dd ./fun_asm.o
 .debug_line    0x00000000000001dd      0x208 ./fun_asm2.o
 .debug_line    0x00000000000003e5      0x354 ./pr5.o

.debug_info     0x0000000000000000      0x10f
 .debug_info    0x0000000000000000       0x26 ./fun_asm.o
 .debug_info    0x0000000000000026       0x26 ./fun_asm2.o
 .debug_info    0x000000000000004c       0xc3 ./pr5.o

.debug_abbrev   0x0000000000000000       0xa3
 .debug_abbrev  0x0000000000000000       0x14 ./fun_asm.o
 .debug_abbrev  0x0000000000000014       0x14 ./fun_asm2.o
 .debug_abbrev  0x0000000000000028       0x7b ./pr5.o

.debug_aranges  0x0000000000000000       0x60
 .debug_aranges
                0x0000000000000000       0x20 ./fun_asm.o
 .debug_aranges
                0x0000000000000020       0x20 ./fun_asm2.o
 .debug_aranges
                0x0000000000000040       0x20 ./pr5.o

.debug_str      0x0000000000000000     0x61f6
 .debug_str     0x0000000000000000       0x49 ./fun_asm.o
 .debug_str     0x0000000000000049       0x10 ./fun_asm2.o
                                         0x4a (size before relaxing)
 .debug_str     0x0000000000000059     0x619d ./pr5.o
                                       0x6329 (size before relaxing)

.debug_ranges   0x0000000000000000       0x10
 .debug_ranges  0x0000000000000000       0x10 ./pr5.o

.debug_macro    0x0000000000000000     0x168d
 .debug_macro   0x0000000000000000      0x1d6 ./pr5.o
 .debug_macro   0x00000000000001d6      0x6e8 ./pr5.o
 .debug_macro   0x00000000000008be       0x22 ./pr5.o
 .debug_macro   0x00000000000008e0       0x4c ./pr5.o
 .debug_macro   0x000000000000092c       0x19 ./pr5.o
 .debug_macro   0x0000000000000945       0x94 ./pr5.o
 .debug_macro   0x00000000000009d9       0x34 ./pr5.o
 .debug_macro   0x0000000000000a0d       0x34 ./pr5.o
 .debug_macro   0x0000000000000a41       0x16 ./pr5.o
 .debug_macro   0x0000000000000a57       0x57 ./pr5.o
 .debug_macro   0x0000000000000aae       0x97 ./pr5.o
 .debug_macro   0x0000000000000b45      0x333 ./pr5.o
 .debug_macro   0x0000000000000e78       0xfd ./pr5.o
 .debug_macro   0x0000000000000f75       0x10 ./pr5.o
 .debug_macro   0x0000000000000f85       0x16 ./pr5.o
 .debug_macro   0x0000000000000f9b       0x43 ./pr5.o
 .debug_macro   0x0000000000000fde       0x34 ./pr5.o
 .debug_macro   0x0000000000001012       0x10 ./pr5.o
 .debug_macro   0x0000000000001022       0x52 ./pr5.o
 .debug_macro   0x0000000000001074      0x182 ./pr5.o
 .debug_macro   0x00000000000011f6       0x10 ./pr5.o
 .debug_macro   0x0000000000001206       0x6a ./pr5.o
 .debug_macro   0x0000000000001270       0x1c ./pr5.o
 .debug_macro   0x000000000000128c       0x52 ./pr5.o
 .debug_macro   0x00000000000012de       0x22 ./pr5.o
 .debug_macro   0x0000000000001300       0x10 ./pr5.o
 .debug_macro   0x0000000000001310       0x40 ./pr5.o
 .debug_macro   0x0000000000001350       0xd5 ./pr5.o
 .debug_macro   0x0000000000001425       0x1c ./pr5.o
 .debug_macro   0x0000000000001441       0x3d ./pr5.o
 .debug_macro   0x000000000000147e       0x16 ./pr5.o
 .debug_macro   0x0000000000001494      0x16f ./pr5.o
 .debug_macro   0x0000000000001603       0x16 ./pr5.o
 .debug_macro   0x0000000000001619       0x35 ./pr5.o
 .debug_macro   0x000000000000164e       0x16 ./pr5.o
 .debug_macro   0x0000000000001664       0x29 ./pr5.o

.debug_frame    0x0000000000000000       0x38
 .debug_frame   0x0000000000000000       0x38 ./pr5.o
