
Memory Configuration

Name             Origin             Length             Attributes
*default*        0x0000000000000000 0xffffffffffffffff

Linker script and memory map

LOAD ./pr3.o
LOAD c:/universidad/cuatri2/fc2/eclipserv/eclipse/sysgcc/bin/../lib/gcc/riscv64-unknown-elf/10.1.0/rv32im/ilp32\libgcc.a
START GROUP
LOAD c:/universidad/cuatri2/fc2/eclipserv/eclipse/sysgcc/bin/../lib/gcc/riscv64-unknown-elf/10.1.0/../../../../riscv64-unknown-elf/lib/rv32im/ilp32\libc.a
LOAD c:/universidad/cuatri2/fc2/eclipserv/eclipse/sysgcc/bin/../lib/gcc/riscv64-unknown-elf/10.1.0/../../../../riscv64-unknown-elf/lib/rv32im/ilp32\libgloss.a
END GROUP
LOAD c:/universidad/cuatri2/fc2/eclipserv/eclipse/sysgcc/bin/../lib/gcc/riscv64-unknown-elf/10.1.0/rv32im/ilp32\libgcc.a
                0x0000000000000000                . = 0x0

.text           0x0000000000000000      0x17c
 *(.text)
 .text          0x0000000000000000      0x17c ./pr3.o
                0x0000000000000000                main

.rela.dyn       0x000000000000017c        0x0
 .rela.text     0x000000000000017c        0x0 ./pr3.o
                0x0000000000010000                . = 0x10000

.data           0x0000000000010000       0x20
 *(.data)
 .data          0x0000000000010000       0x20 ./pr3.o

.bss            0x0000000000010020        0xc
 *(.bss)
 .bss           0x0000000000010020        0xc ./pr3.o

.rodata
 *(.rodata)
                0x0000000000020000                _stack = 0x20000
OUTPUT(pr3.elf elf32-littleriscv)

.riscv.attributes
                0x0000000000000000       0x1f
 .riscv.attributes
                0x0000000000000000       0x1f ./pr3.o

.debug_line     0x0000000000000000      0x239
 .debug_line    0x0000000000000000      0x239 ./pr3.o

.debug_info     0x0000000000000000       0x26
 .debug_info    0x0000000000000000       0x26 ./pr3.o

.debug_abbrev   0x0000000000000000       0x14
 .debug_abbrev  0x0000000000000000       0x14 ./pr3.o

.debug_aranges  0x0000000000000000       0x20
 .debug_aranges
                0x0000000000000000       0x20 ./pr3.o

.debug_str      0x0000000000000000       0x45
 .debug_str     0x0000000000000000       0x45 ./pr3.o
